exports[`preset should fix issue#122 1`] = `
"
function foo() {
  var d, e, f;
  d ? e && f : !b && f;
}"
`;
