exports[`gulp-babili comments should remove all comments when false 1`] = `"foo(),bar(),baz();"`;

exports[`gulp-babili comments should remove comments by default except license and preserve 1`] = `"
/**
* @license
* This is a test
*/foo(),bar(),baz();"`;

exports[`gulp-babili comments should take a custom function 1`] = `"/* YAC - yet another comment */foo(),bar(),baz();"`;
